Vivado Simulator v2025.2
Copyright 1986-2022 Xilinx, Inc. All Rights Reserved.
Copyright 2022-2025 Advanced Micro Devices, Inc. All Rights Reserved.
Running: C:/AMDDesignTools/2025.2/Vivado/bin/unwrapped/win64.o/xelab.exe --incr --debug typical --relax --mt 2 -L xil_defaultlib -L unisims_ver -L unimacro_ver -L secureip --snapshot image_comparison_tb_behav xil_defaultlib.image_comparison_tb xil_defaultlib.glbl -log elaborate.log 
Using 2 slave threads.
Starting static elaboration
Pass Through NonSizing Optimizer
WARNING: [VRFC 10-3091] actual bit length 32 differs from formal bit length 11 for port 'thresh' [C:/Users/karen/OneDrive/Documents/FPGA_image_project/full_pipeline/full_pipeline.srcs/sources_1/new/top.v:72]
Completed static elaboration
Starting simulation data flow analysis
Completed simulation data flow analysis
Time Resolution for simulation is 1ps
Compiling module xil_defaultlib.grayscale
Compiling module xil_defaultlib.line_buffer(WIDTH=320,HEIGHT=240...
Compiling module xil_defaultlib.edge_simplified
Compiling module xil_defaultlib.threshold
Compiling module xil_defaultlib.zone_detect(edge_thresh=500,row_...
Compiling module xil_defaultlib.timer
Compiling module xil_defaultlib.top
Compiling module xil_defaultlib.image_comparison_tb
Compiling module xil_defaultlib.glbl
Built simulation snapshot image_comparison_tb_behav
